Archive member included to satisfy reference by file (symbol)

C:\Users\Asus\Desktop\Lab Project\SD Player\SD Player\ArduinoCore\Debug\libArduinoCore.a(HardwareSerial0.o)
                              Sketch.o (Serial)
C:\Users\Asus\Desktop\Lab Project\SD Player\SD Player\ArduinoCore\Debug\libArduinoCore.a(main.o)
                              D:/Elec UNI/Atmel Studio/7.0/Packs/atmel/ATmega_DFP/1.6.364/gcc/dev/atmega328p/avr5/crtatmega328p.o (main)
C:\Users\Asus\Desktop\Lab Project\SD Player\SD Player\ArduinoCore\Debug\libArduinoCore.a(Print.o)
                              Sketch.o (_ZN5Print5printEPKc)
C:\Users\Asus\Desktop\Lab Project\SD Player\SD Player\ArduinoCore\Debug\libArduinoCore.a(wiring.o)
                              C:\Users\Asus\Desktop\Lab Project\SD Player\SD Player\ArduinoCore\Debug\libArduinoCore.a(main.o) (init)
C:\Users\Asus\Desktop\Lab Project\SD Player\SD Player\ArduinoCore\Debug\libArduinoCore.a(wiring_digital.o)
                              Sketch.o (digitalRead)
C:\Users\Asus\Desktop\Lab Project\SD Player\SD Player\ArduinoCore\Debug\libArduinoCore.a(WString.o)
                              Sketch.o (_ZN6StringD1Ev)
C:\Users\Asus\Desktop\Lab Project\SD Player\SD Player\ArduinoCore\Debug\libArduinoCore.a(File.o)
                              Sketch.o (_ZN5SDLib4File5writeEh)
C:\Users\Asus\Desktop\Lab Project\SD Player\SD Player\ArduinoCore\Debug\libArduinoCore.a(SD.o)
                              Sketch.o (_ZN5SDLib7SDClass5beginEh)
C:\Users\Asus\Desktop\Lab Project\SD Player\SD Player\ArduinoCore\Debug\libArduinoCore.a(Sd2Card.o)
                              C:\Users\Asus\Desktop\Lab Project\SD Player\SD Player\ArduinoCore\Debug\libArduinoCore.a(SD.o) (_ZN7Sd2Card11setSpiClockEm)
C:\Users\Asus\Desktop\Lab Project\SD Player\SD Player\ArduinoCore\Debug\libArduinoCore.a(SdFile.o)
                              C:\Users\Asus\Desktop\Lab Project\SD Player\SD Player\ArduinoCore\Debug\libArduinoCore.a(SD.o) (_ZN6SdFile7dirNameERK14directoryEntryPc)
C:\Users\Asus\Desktop\Lab Project\SD Player\SD Player\ArduinoCore\Debug\libArduinoCore.a(SdVolume.o)
                              C:\Users\Asus\Desktop\Lab Project\SD Player\SD Player\ArduinoCore\Debug\libArduinoCore.a(SdFile.o) (_ZN8SdVolume10cacheFlushEv)
C:\Users\Asus\Desktop\Lab Project\SD Player\SD Player\ArduinoCore\Debug\libArduinoCore.a(SPI.o)
                              C:\Users\Asus\Desktop\Lab Project\SD Player\SD Player\ArduinoCore\Debug\libArduinoCore.a(Sd2Card.o) (_ZN8SPIClass5beginEv)
C:\Users\Asus\Desktop\Lab Project\SD Player\SD Player\ArduinoCore\Debug\libArduinoCore.a(abi.o)
                              C:\Users\Asus\Desktop\Lab Project\SD Player\SD Player\ArduinoCore\Debug\libArduinoCore.a(Print.o) (__cxa_pure_virtual)
C:\Users\Asus\Desktop\Lab Project\SD Player\SD Player\ArduinoCore\Debug\libArduinoCore.a(HardwareSerial.o)
                              C:\Users\Asus\Desktop\Lab Project\SD Player\SD Player\ArduinoCore\Debug\libArduinoCore.a(HardwareSerial0.o) (_ZN14HardwareSerial9availableEv)
C:\Users\Asus\Desktop\Lab Project\SD Player\SD Player\ArduinoCore\Debug\libArduinoCore.a(hooks.o)
                              C:\Users\Asus\Desktop\Lab Project\SD Player\SD Player\ArduinoCore\Debug\libArduinoCore.a(wiring.o) (yield)
d:/elec uni/atmel studio/7.0/toolchain/avr8/avr8-gnu-toolchain/bin/../lib/gcc/avr/5.4.0/../../../../avr/lib/avr5\libm.a(addsf3.o)
                              C:\Users\Asus\Desktop\Lab Project\SD Player\SD Player\ArduinoCore\Debug\libArduinoCore.a(Print.o) (__subsf3)
d:/elec uni/atmel studio/7.0/toolchain/avr8/avr8-gnu-toolchain/bin/../lib/gcc/avr/5.4.0/../../../../avr/lib/avr5\libm.a(addsf3x.o)
                              d:/elec uni/atmel studio/7.0/toolchain/avr8/avr8-gnu-toolchain/bin/../lib/gcc/avr/5.4.0/../../../../avr/lib/avr5\libm.a(addsf3.o) (__addsf3x)
d:/elec uni/atmel studio/7.0/toolchain/avr8/avr8-gnu-toolchain/bin/../lib/gcc/avr/5.4.0/../../../../avr/lib/avr5\libm.a(cmpsf2.o)
                              C:\Users\Asus\Desktop\Lab Project\SD Player\SD Player\ArduinoCore\Debug\libArduinoCore.a(Print.o) (__ltsf2)
d:/elec uni/atmel studio/7.0/toolchain/avr8/avr8-gnu-toolchain/bin/../lib/gcc/avr/5.4.0/../../../../avr/lib/avr5\libm.a(divsf3.o)
                              C:\Users\Asus\Desktop\Lab Project\SD Player\SD Player\ArduinoCore\Debug\libArduinoCore.a(Print.o) (__divsf3)
d:/elec uni/atmel studio/7.0/toolchain/avr8/avr8-gnu-toolchain/bin/../lib/gcc/avr/5.4.0/../../../../avr/lib/avr5\libm.a(divsf3x.o)
                              d:/elec uni/atmel studio/7.0/toolchain/avr8/avr8-gnu-toolchain/bin/../lib/gcc/avr/5.4.0/../../../../avr/lib/avr5\libm.a(divsf3.o) (__divsf3x)
d:/elec uni/atmel studio/7.0/toolchain/avr8/avr8-gnu-toolchain/bin/../lib/gcc/avr/5.4.0/../../../../avr/lib/avr5\libm.a(fixunssfsi.o)
                              C:\Users\Asus\Desktop\Lab Project\SD Player\SD Player\ArduinoCore\Debug\libArduinoCore.a(Print.o) (__fixunssfsi)
[...]
Memory Configuration

Name             Origin             Length             Attributes
text             0x00000000         0x00008000         xr
data             0x00800100         0x00000800         rw !x
eeprom           0x00810000         0x00000400         rw !x
fuse             0x00820000         0x00000003         rw !x
lock             0x00830000         0x00000400         rw !x
signature        0x00840000         0x00000400         rw !x
user_signatures  0x00850000         0x00000400         rw !x
*default*        0x00000000         0xffffffff

Linker script and memory map

Address of section .data set to 0x800100
LOAD D:/Elec UNI/Atmel Studio/7.0/Packs/atmel/ATmega_DFP/1.6.364/gcc/dev/atmega328p/avr5/crtatmega328p.o
LOAD UART.o
LOAD Sketch.o
START GROUP
LOAD d:/elec uni/atmel studio/7.0/toolchain/avr8/avr8-gnu-toolchain/bin/../lib/gcc/avr/5.4.0/../../../../avr/lib/avr5\libm.a
LOAD C:\Users\Asus\Desktop\Lab Project\SD Player\SD Player\ArduinoCore\Debug\libArduinoCore.a
END GROUP
LOAD d:/elec uni/atmel studio/7.0/toolchain/avr8/avr8-gnu-toolchain/bin/../lib/gcc/avr/5.4.0/avr5\libgcc.a
LOAD d:/elec uni/atmel studio/7.0/toolchain/avr8/avr8-gnu-toolchain/bin/../lib/gcc/avr/5.4.0/../../../../avr/lib/avr5\libm.a
START GROUP
LOAD d:/elec uni/atmel studio/7.0/toolchain/avr8/avr8-gnu-toolchain/bin/../lib/gcc/avr/5.4.0/avr5\libgcc.a
LOAD d:/elec uni/atmel studio/7.0/toolchain/avr8/avr8-gnu-toolchain/bin/../lib/gcc/avr/5.4.0/../../../../avr/lib/avr5\libm.a
LOAD d:/elec uni/atmel studio/7.0/toolchain/avr8/avr8-gnu-toolchain/bin/../lib/gcc/avr/5.4.0/../../../../avr/lib/avr5\libc.a
LOAD D:/Elec UNI/Atmel Studio/7.0/Packs/atmel/ATmega_DFP/1.6.364/gcc/dev/atmega328p/avr5\libatmega328p.a
END GROUP
                0x00000000                __TEXT_REGION_ORIGIN__ = DEFINED (__TEXT_REGION_ORIGIN__)?__TEXT_REGION_ORIGIN__:0x0
                [0x00800100]                __DATA_REGION_ORIGIN__ = DEFINED (__DATA_REGION_ORIGIN__)?__DATA_REGION_ORIGIN__:0x800060
                [0x00008000]                __TEXT_REGION_LENGTH__ = DEFINED (__TEXT_REGION_LENGTH__)?__TEXT_REGION_LENGTH__:0x20000
                [0x00000800]                __DATA_REGION_LENGTH__ = DEFINED (__DATA_REGION_LENGTH__)?__DATA_REGION_LENGTH__:0xffa0
                [0x00000400]                __EEPROM_REGION_LENGTH__ = DEFINED (__EEPROM_REGION_LENGTH__)?__EEPROM_REGION_LENGTH__:0x10000
                [0x00000003]                __FUSE_REGION_LENGTH__ = DEFINED (__FUSE_REGION_LENGTH__)?__FUSE_REGION_LENGTH__:0x400
                0x00000400                __LOCK_REGION_LENGTH__ = DEFINED (__LOCK_REGION_LENGTH__)?__LOCK_REGION_LENGTH__:0x400
                0x00000400                __SIGNATURE_REGION_LENGTH__ = DEFINED (__SIGNATURE_REGION_LENGTH__)?__SIGNATURE_REGION_LENGTH__:0x400
                0x00000400                __USER_SIGNATURE_REGION_LENGTH__ = DEFINED (__USER_SIGNATURE_REGION_LENGTH__)?__USER_SIGNATURE_REGION_LENGTH__:0x400

.hash
 *(.hash)

.dynsym
 *(.dynsym)

.dynstr
 *(.dynstr)

.gnu.version
 *(.gnu.version)

.gnu.version_d
 *(.gnu.version_d)

.gnu.version_r
 *(.gnu.version_r)

.rel.init
 *(.rel.init)

.rela.init
 *(.rela.init)

.rel.text
 *(.rel.text)
 *(.rel.text.*)
 *(.rel.gnu.linkonce.t*)

.rela.text
 *(.rela.text)
 *(.rela.text.*)
 *(.rela.gnu.linkonce.t*)

.rel.fini
 *(.rel.fini)

.rela.fini
 *(.rela.fini)

.rel.rodata
 *(.rel.rodata)
 *(.rel.rodata.*)
 *(.rel.gnu.linkonce.r*)

.rela.rodata
 *(.rela.rodata)
 *(.rela.rodata.*)
 *(.rela.gnu.linkonce.r*)

.rel.data
 *(.rel.data)
 *(.rel.data.*)
 *(.rel.gnu.linkonce.d*)

.rela.data
 *(.rela.data)
 *(.rela.data.*)
 *(.rela.gnu.linkonce.d*)

.rel.ctors
 *(.rel.ctors)

.rela.ctors
 *(.rela.ctors)

.rel.dtors
 *(.rel.dtors)

.rela.dtors
 *(.rela.dtors)

.rel.got
 *(.rel.got)

.rela.got
 *(.rela.got)

.rel.bss
 *(.rel.bss)

.rela.bss
 *(.rela.bss)

.rel.plt
 *(.rel.plt)

.rela.plt
 *(.rela.plt)

.text           0x00000000     0x3c84
 *(.vectors)
 .vectors       0x00000000       0x68 D:/Elec UNI/Atmel Studio/7.0/Packs/atmel/ATmega_DFP/1.6.364/gcc/dev/atmega328p/avr5/crtatmega328p.o
                0x00000000                __vector_default
                0x00000000                __vectors
 *(.vectors)
 *(.progmem.gcc*)
                0x00000068                . = ALIGN (0x2)
                0x00000068                __trampolines_start = .
 *(.trampolines)
 .trampolines   0x00000068        0x0 linker stubs
 *(.trampolines*)
                0x00000068                __trampolines_end = .
 *libprintf_flt.a:*(.progmem.data)
 *libc.a:*(.progmem.data)
 *(.progmem*)
 .progmem.data.digital_pin_to_timer_PGM
                0x00000068       0x14 C:\Users\Asus\Desktop\Lab Project\SD Player\SD Player\ArduinoCore\Debug\libArduinoCore.a(wiring_digital.o)
                0x00000068                digital_pin_to_timer_PGM
 .progmem.data.digital_pin_to_bit_mask_PGM
                0x0000007c       0x14 C:\Users\Asus\Desktop\Lab Project\SD Player\SD Player\ArduinoCore\Debug\libArduinoCore.a(wiring_digital.o)
                0x0000007c                digital_pin_to_bit_mask_PGM
 .progmem.data.digital_pin_to_port_PGM
                0x00000090       0x14 C:\Users\Asus\Desktop\Lab Project\SD Player\SD Player\ArduinoCore\Debug\libArduinoCore.a(wiring_digital.o)
                0x00000090                digital_pin_to_port_PGM
 .progmem.data.port_to_input_PGM
                0x000000a4        0xa C:\Users\Asus\Desktop\Lab Project\SD Player\SD Player\ArduinoCore\Debug\libArduinoCore.a(wiring_digital.o)
                0x000000a4                port_to_input_PGM
 .progmem.data.port_to_output_PGM
                0x000000ae        0xa C:\Users\Asus\Desktop\Lab Project\SD Player\SD Player\ArduinoCore\Debug\libArduinoCore.a(wiring_digital.o)
                0x000000ae                port_to_output_PGM
 .progmem.data.port_to_mode_PGM
                0x000000b8        0xa C:\Users\Asus\Desktop\Lab Project\SD Player\SD Player\ArduinoCore\Debug\libArduinoCore.a(wiring_digital.o)
                0x000000b8                port_to_mode_PGM
 .progmem.data._ZZN6SdFile10make83NameEPKcPhE3__c
                0x000000c2       0x10 C:\Users\Asus\Desktop\Lab Project\SD Player\SD Player\ArduinoCore\Debug\libArduinoCore.a(SdFile.o)
                0x000000d2                . = ALIGN (0x2)
 *(.jumptables)
 *(.jumptables*)
 *(.lowtext)
 *(.lowtext*)
                0x000000d2                __ctors_start = .
 *(.ctors)
 .ctors         0x000000d2        0x2 Sketch.o
 .ctors         0x000000d4        0x2 C:\Users\Asus\Desktop\Lab Project\SD Player\SD Player\ArduinoCore\Debug\libArduinoCore.a(HardwareSerial0.o)
 .ctors         0x000000d6        0x2 C:\Users\Asus\Desktop\Lab Project\SD Player\SD Player\ArduinoCore\Debug\libArduinoCore.a(SD.o)
 .ctors         0x000000d8        0x2 C:\Users\Asus\Desktop\Lab Project\SD Player\SD Player\ArduinoCore\Debug\libArduinoCore.a(Sd2Card.o)
                0x000000da                __ctors_end = .
                0x000000da                __dtors_start = .
 *(.dtors)
                0x000000da                __dtors_end = .
 SORT(*)(.ctors)
 SORT(*)(.dtors)
 *(.init0)
 .init0         0x000000da        0x0 D:/Elec UNI/Atmel Studio/7.0/Packs/atmel/ATmega_DFP/1.6.364/gcc/dev/atmega328p/avr5/crtatmega328p.o
                0x000000da                __init
 *(.init0)
 *(.init1)
 *(.init1)
 *(.init2)
 .init2         0x000000da        0xc D:/Elec UNI/Atmel Studio/7.0/Packs/atmel/ATmega_DFP/1.6.364/gcc/dev/atmega328p/avr5/crtatmega328p.o
 *(.init2)
 *(.init3)
 *(.init3)
 *(.init4)
 .init4         0x000000e6       0x16 d:/elec uni/atmel studio/7.0/toolchain/avr8/avr8-gnu-toolchain/bin/../lib/gcc/avr/5.4.0/avr5\libgcc.a(_copy_data.o)
                0x000000e6                __do_copy_data
 .init4         0x000000fc       0x10 d:/elec uni/atmel studio/7.0/toolchain/avr8/avr8-gnu-toolchain/bin/../lib/gcc/avr/5.4.0/avr5\libgcc.a(_clear_bss.o)
                0x000000fc                __do_clear_bss
 *(.init4)
 *(.init5)
 *(.init5)
 *(.init6)
 .init6         0x0000010c       0x16 d:/elec uni/atmel studio/7.0/toolchain/avr8/avr8-gnu-toolchain/bin/../lib/gcc/avr/5.4.0/avr5\libgcc.a(_ctors.o)
                0x0000010c                __do_global_ctors
 *(.init6)
 *(.init7)
 *(.init7)
 *(.init8)
 *(.init8)
 *(.init9)
 .init9         0x00000122        0x8 D:/Elec UNI/Atmel Studio/7.0/Packs/atmel/ATmega_DFP/1.6.364/gcc/dev/atmega328p/avr5/crtatmega328p.o
 *(.init9)
 *(.text)
 .text          0x0000012a        0x4 D:/Elec UNI/Atmel Studio/7.0/Packs/atmel/ATmega_DFP/1.6.364/gcc/dev/atmega328p/avr5/crtatmega328p.o
                0x0000012a                __vector_22
                0x0000012a                __vector_24
                0x0000012a                __vector_12
                0x0000012a                __bad_interrupt
                0x0000012a                __vector_6
                0x0000012a                __vector_3
                0x0000012a                __vector_23
                0x0000012a                __vector_25
                0x0000012a                __vector_11
                0x0000012a                __vector_13
                0x0000012a                __vector_17
                0x0000012a                __vector_7
                0x0000012a                __vector_5
                0x0000012a                __vector_4
                0x0000012a                __vector_2
                0x0000012a                __vector_21
                0x0000012a                __vector_15
                0x0000012a                __vector_8
                0x0000012a                __vector_14
                0x0000012a                __vector_10
                0x0000012a                __vector_20
                0x0000012e                . = ALIGN (0x2)
 *(.text.*)
 .text._Z9UART_Initj
                0x0000012e       0x2c UART.o
                0x0000012e                _Z9UART_Initj
 .text._Z9UART_putch
                0x0000015a        0xe UART.o
                0x0000015a                _Z9UART_putch
 .text._Z9UART_putsPc
                0x00000168       0x18 UART.o
                0x00000168                _Z9UART_putsPc
 .text._Z9Port_Initv
                0x00000180       0x66 Sketch.o
                0x00000180                _Z9Port_Initv
 .text.setup    0x000001e6       0x2c Sketch.o
                0x000001e6                setup
 .text._ZN5SDLib4FileaSEOS0_
                0x00000212       0x62 Sketch.o
                0x00000212                _ZN5SDLib4FileaSEOS0_
 .text.startup._GLOBAL__sub_I_PlayFlag
                0x00000274       0x18 Sketch.o
 .text._Z9playAudio6String
                0x0000028c      0x112 Sketch.o
                0x0000028c                _Z9playAudio6String
 .text.__vector_9
                0x0000039e       0xb4 Sketch.o
                0x0000039e                __vector_9
 .text._Z8saveFile6String
                0x00000452      0x13c Sketch.o
                0x00000452                _Z8saveFile6String
 .text._Z11RecordAudio6String
                0x0000058e       0xbc Sketch.o
                0x0000058e                _Z11RecordAudio6String
 .text.loop     0x0000064a       0x94 Sketch.o
                0x0000064a                loop
 .text.__vector_1
                0x000006de       0xaa Sketch.o
                0x000006de                __vector_1
 .text._ZN5Print17availableForWriteEv
                0x00000788        0x6 C:\Users\Asus\Desktop\Lab Project\SD Player\SD Player\ArduinoCore\Debug\libArduinoCore.a(HardwareSerial0.o)
                0x00000788                _ZN5Print17availableForWriteEv
 .text._ZN5Print5flushEv
                0x0000078e        0x2 C:\Users\Asus\Desktop\Lab Project\SD Player\SD Player\ArduinoCore\Debug\libArduinoCore.a(HardwareSerial0.o)
                0x0000078e                _ZN5Print5flushEv
 .text.__vector_18
                0x00000790       0x64 C:\Users\Asus\Desktop\Lab Project\SD Player\SD Player\ArduinoCore\Debug\libArduinoCore.a(HardwareSerial0.o)
                0x00000790                __vector_18
 .text.__vector_19
                0x000007f4       0x4c C:\Users\Asus\Desktop\Lab Project\SD Player\SD Player\ArduinoCore\Debug\libArduinoCore.a(HardwareSerial0.o)
                0x000007f4                __vector_19
 .text._Z17Serial0_availablev
                0x00000840       0x14 C:\Users\Asus\Desktop\Lab Project\SD Player\SD Player\ArduinoCore\Debug\libArduinoCore.a(HardwareSerial0.o)
                0x00000840                _Z17Serial0_availablev
 .text.startup._GLOBAL__sub_I___vector_18
                0x00000854       0x5a C:\Users\Asus\Desktop\Lab Project\SD Player\SD Player\ArduinoCore\Debug\libArduinoCore.a(HardwareSerial0.o)
 .text.initVariant
                0x000008ae        0x2 C:\Users\Asus\Desktop\Lab Project\SD Player\SD Player\ArduinoCore\Debug\libArduinoCore.a(main.o)
                0x000008ae                initVariant
 .text.startup.main
                0x000008b0       0x1e C:\Users\Asus\Desktop\Lab Project\SD Player\SD Player\ArduinoCore\Debug\libArduinoCore.a(main.o)
                0x000008b0                main
 .text._ZN5Print5writeEPKhj
                0x000008ce       0x54 C:\Users\Asus\Desktop\Lab Project\SD Player\SD Player\ArduinoCore\Debug\libArduinoCore.a(Print.o)
                0x000008ce                _ZN5Print5writeEPKhj
 .text._ZN5Print5writeEPKc
                0x00000922       0x2a C:\Users\Asus\Desktop\Lab Project\SD Player\SD Player\ArduinoCore\Debug\libArduinoCore.a(Print.o)
                0x00000922                _ZN5Print5writeEPKc
 .text._ZN5Print5printEPKc
                0x0000094c        0x4 C:\Users\Asus\Desktop\Lab Project\SD Player\SD Player\ArduinoCore\Debug\libArduinoCore.a(Print.o)
                0x0000094c                _ZN5Print5printEPKc
 .text._ZN5Print7printlnEv
                0x00000950        0x8 C:\Users\Asus\Desktop\Lab Project\SD Player\SD Player\ArduinoCore\Debug\libArduinoCore.a(Print.o)
                0x00000950                _ZN5Print7printlnEv
 .text._ZN5Print11printNumberEmh
                0x00000958       0x92 C:\Users\Asus\Desktop\Lab Project\SD Player\SD Player\ArduinoCore\Debug\libArduinoCore.a(Print.o)
                0x00000958                _ZN5Print11printNumberEmh
 .text._ZN5Print5printEmi
                0x000009ea       0x1a C:\Users\Asus\Desktop\Lab Project\SD Player\SD Player\ArduinoCore\Debug\libArduinoCore.a(Print.o)
                0x000009ea                _ZN5Print5printEmi
 .text._ZN5Print5printEji
                0x00000a04        0xc C:\Users\Asus\Desktop\Lab Project\SD Player\SD Player\ArduinoCore\Debug\libArduinoCore.a(Print.o)
                0x00000a04                _ZN5Print5printEji
 .text.__vector_16
                0x00000a10       0x94 C:\Users\Asus\Desktop\Lab Project\SD Player\SD Player\ArduinoCore\Debug\libArduinoCore.a(wiring.o)
                0x00000a10                __vector_16
 .text.millis   0x00000aa4       0x18 C:\Users\Asus\Desktop\Lab Project\SD Player\SD Player\ArduinoCore\Debug\libArduinoCore.a(wiring.o)
                0x00000aa4                millis
 .text.init     0x00000abc       0x76 C:\Users\Asus\Desktop\Lab Project\SD Player\SD Player\ArduinoCore\Debug\libArduinoCore.a(wiring.o)
                0x00000abc                init
 .text.turnOffPWM
                0x00000b32       0x52 C:\Users\Asus\Desktop\Lab Project\SD Player\SD Player\ArduinoCore\Debug\libArduinoCore.a(wiring_digital.o)
 .text.pinMode  0x00000b84       0x78 C:\Users\Asus\Desktop\Lab Project\SD Player\SD Player\ArduinoCore\Debug\libArduinoCore.a(wiring_digital.o)
                0x00000b84                pinMode
 .text.digitalWrite
                0x00000bfc       0x5e C:\Users\Asus\Desktop\Lab Project\SD Player\SD Player\ArduinoCore\Debug\libArduinoCore.a(wiring_digital.o)
                0x00000bfc                digitalWrite
 .text.digitalRead
                0x00000c5a       0x52 C:\Users\Asus\Desktop\Lab Project\SD Player\SD Player\ArduinoCore\Debug\libArduinoCore.a(wiring_digital.o)
                0x00000c5a                digitalRead
 .text._ZN6StringD2Ev
                0x00000cac        0xa C:\Users\Asus\Desktop\Lab Project\SD Player\SD Player\ArduinoCore\Debug\libArduinoCore.a(WString.o)
                0x00000cac                _ZN6StringD2Ev
                0x00000cac                _ZN6StringD1Ev
 .text._ZN6String10invalidateEv
                0x00000cb6       0x24 C:\Users\Asus\Desktop\Lab Project\SD Player\SD Player\ArduinoCore\Debug\libArduinoCore.a(WString.o)
                0x00000cb6                _ZN6String10invalidateEv
 .text._ZN6String12changeBufferEj
                0x00000cda       0x34 C:\Users\Asus\Desktop\Lab Project\SD Player\SD Player\ArduinoCore\Debug\libArduinoCore.a(WString.o)
                0x00000cda                _ZN6String12changeBufferEj
 .text._ZN6String7reserveEj
                0x00000d0e       0x38 C:\Users\Asus\Desktop\Lab Project\SD Player\SD Player\ArduinoCore\Debug\libArduinoCore.a(WString.o)
                0x00000d0e                _ZN6String7reserveEj
 .text._ZN6String4copyEPKcj
                0x00000d46       0x42 C:\Users\Asus\Desktop\Lab Project\SD Player\SD Player\ArduinoCore\Debug\libArduinoCore.a(WString.o)
                0x00000d46                _ZN6String4copyEPKcj
 .text._ZN6StringC2EPKc
                0x00000d88       0x2a C:\Users\Asus\Desktop\Lab Project\SD Player\SD Player\ArduinoCore\Debug\libArduinoCore.a(WString.o)
                0x00000d88                _ZN6StringC2EPKc
                0x00000d88                _ZN6StringC1EPKc
 .text._ZN6StringaSERKS_
                0x00000db2       0x2e C:\Users\Asus\Desktop\Lab Project\SD Player\SD Player\ArduinoCore\Debug\libArduinoCore.a(WString.o)
                0x00000db2                _ZN6StringaSERKS_
 .text._ZN6StringC2ERKS_
                0x00000de0       0x12 C:\Users\Asus\Desktop\Lab Project\SD Player\SD Player\ArduinoCore\Debug\libArduinoCore.a(WString.o)
                0x00000de0                _ZN6StringC2ERKS_
                0x00000de0                _ZN6StringC1ERKS_
 .text._ZN5SDLib4File5writeEh
                0x00000df2       0x2c C:\Users\Asus\Desktop\Lab Project\SD Player\SD Player\ArduinoCore\Debug\libArduinoCore.a(File.o)
                0x00000df2                _ZN5SDLib4File5writeEh
 .text._ZN5SDLib4File5writeEPKhj
                0x00000e1e       0x38 C:\Users\Asus\Desktop\Lab Project\SD Player\SD Player\ArduinoCore\Debug\libArduinoCore.a(File.o)
                0x00000e1e                _ZN5SDLib4File5writeEPKhj
 .text._ZN5SDLib4File5flushEv
                0x00000e56       0x10 C:\Users\Asus\Desktop\Lab Project\SD Player\SD Player\ArduinoCore\Debug\libArduinoCore.a(File.o)
                0x00000e56                _ZN5SDLib4File5flushEv
 .text._ZN6SdFile4readEv
                0x00000e66       0x2e C:\Users\Asus\Desktop\Lab Project\SD Player\SD Player\ArduinoCore\Debug\libArduinoCore.a(File.o)
                0x00000e66                _ZN6SdFile4readEv
 .text._ZN5SDLib4File4readEv
                0x00000e94       0x14 C:\Users\Asus\Desktop\Lab Project\SD Player\SD Player\ArduinoCore\Debug\libArduinoCore.a(File.o)
                0x00000e94                _ZN5SDLib4File4readEv
 .text._ZN5SDLib4File4peekEv
                0x00000ea8       0x54 C:\Users\Asus\Desktop\Lab Project\SD Player\SD Player\ArduinoCore\Debug\libArduinoCore.a(File.o)
                0x00000ea8                _ZN5SDLib4File4peekEv
 .text._ZN5SDLib4FileC2E6SdFilePKc
                0x00000efc       0x6a C:\Users\Asus\Desktop\Lab Project\SD Player\SD Player\ArduinoCore\Debug\libArduinoCore.a(File.o)
                0x00000efc                _ZN5SDLib4FileC1E6SdFilePKc
                0x00000efc                _ZN5SDLib4FileC2E6SdFilePKc
 .text._ZN5SDLib4FileC2Ev
                0x00000f66       0x26 C:\Users\Asus\Desktop\Lab Project\SD Player\SD Player\ArduinoCore\Debug\libArduinoCore.a(File.o)
                0x00000f66                _ZN5SDLib4FileC2Ev
                0x00000f66                _ZN5SDLib4FileC1Ev
 .text._ZN5SDLib4File4seekEm
                0x00000f8c       0x1a C:\Users\Asus\Desktop\Lab Project\SD Player\SD Player\ArduinoCore\Debug\libArduinoCore.a(File.o)
                0x00000f8c                _ZN5SDLib4File4seekEm
 .text._ZN5SDLib4File8positionEv
                0x00000fa6       0x20 C:\Users\Asus\Desktop\Lab Project\SD Player\SD Player\ArduinoCore\Debug\libArduinoCore.a(File.o)
                0x00000fa6                _ZN5SDLib4File8positionEv
 .text._ZN5SDLib4File4sizeEv
                0x00000fc6       0x20 C:\Users\Asus\Desktop\Lab Project\SD Player\SD Player\ArduinoCore\Debug\libArduinoCore.a(File.o)
                0x00000fc6                _ZN5SDLib4File4sizeEv
 .text._ZN5SDLib4File9availableEv
                0x00000fe6       0x5e C:\Users\Asus\Desktop\Lab Project\SD Player\SD Player\ArduinoCore\Debug\libArduinoCore.a(File.o)
                0x00000fe6                _ZN5SDLib4File9availableEv
 .text._ZN5SDLib4File5closeEv
                0x00001044       0x24 C:\Users\Asus\Desktop\Lab Project\SD Player\SD Player\ArduinoCore\Debug\libArduinoCore.a(File.o)
                0x00001044                _ZN5SDLib4File5closeEv
 .text._ZN5SDLib4FilecvbEv
                0x00001068       0x1a C:\Users\Asus\Desktop\Lab Project\SD Player\SD Player\ArduinoCore\Debug\libArduinoCore.a(File.o)
                0x00001068                _ZN5SDLib4FilecvbEv
 .text._ZN5SDLib15callback_removeER6SdFilePKcbPv
                0x00001082       0x18 C:\Users\Asus\Desktop\Lab Project\SD Player\SD Player\ArduinoCore\Debug\libArduinoCore.a(SD.o)
                0x00001082                _ZN5SDLib15callback_removeER6SdFilePKcbPv
 .text._ZN8SdVolume4initEP7Sd2Card
                0x0000109a       0x34 C:\Users\Asus\Desktop\Lab Project\SD Player\SD Player\ArduinoCore\Debug\libArduinoCore.a(SD.o)
                0x0000109a                _ZN8SdVolume4initEP7Sd2Card
 .text._ZN5SDLib20getNextPathComponentEPKcPjPc
                0x000010ce       0x8a C:\Users\Asus\Desktop\Lab Project\SD Player\SD Player\ArduinoCore\Debug\libArduinoCore.a(SD.o)
                0x000010ce                _ZN5SDLib20getNextPathComponentEPKcPjPc
 .text._ZN5SDLib8walkPathEPKcR6SdFilePFbS3_S1_bPvES4_
                0x00001158      0x120 C:\Users\Asus\Desktop\Lab Project\SD Player\SD Player\ArduinoCore\Debug\libArduinoCore.a(SD.o)
                0x00001158                _ZN5SDLib8walkPathEPKcR6SdFilePFbS3_S1_bPvES4_
 .text._ZN5SDLib7SDClass5beginEh
                0x00001278       0x58 C:\Users\Asus\Desktop\Lab Project\SD Player\SD Player\ArduinoCore\Debug\libArduinoCore.a(SD.o)
                0x00001278                _ZN5SDLib7SDClass5beginEh
 .text._ZN6SdFileC2ERKS_
                0x000012d0       0xa2 C:\Users\Asus\Desktop\Lab Project\SD Player\SD Player\ArduinoCore\Debug\libArduinoCore.a(SD.o)
                0x000012d0                _ZN6SdFileC1ERKS_
                0x000012d0                _ZN6SdFileC2ERKS_
 .text._ZN5SDLib7SDClass12getParentDirEPKcPi
                0x00001372      0x14a C:\Users\Asus\Desktop\Lab Project\SD Player\SD Player\ArduinoCore\Debug\libArduinoCore.a(SD.o)
                0x00001372                _ZN5SDLib7SDClass12getParentDirEPKcPi
 .text._ZN5SDLib7SDClass4openEPKch
                0x000014bc       0xee C:\Users\Asus\Desktop\Lab Project\SD Player\SD Player\ArduinoCore\Debug\libArduinoCore.a(SD.o)
                0x000014bc                _ZN5SDLib7SDClass4openEPKch
 .text._ZN5SDLib7SDClass6removeEPKc
                0x000015aa       0x16 C:\Users\Asus\Desktop\Lab Project\SD Player\SD Player\ArduinoCore\Debug\libArduinoCore.a(SD.o)
                0x000015aa                _ZN5SDLib7SDClass6removeEPKc
 .text.startup._GLOBAL__sub_I__ZN5SDLib20getNextPathComponentEPKcPjPc
                0x000015c0       0x2e C:\Users\Asus\Desktop\Lab Project\SD Player\SD Player\ArduinoCore\Debug\libArduinoCore.a(SD.o)
 .text._ZN8SPIClass14endTransactionEv.part.3
                0x000015ee       0x1a C:\Users\Asus\Desktop\Lab Project\SD Player\SD Player\ArduinoCore\Debug\libArduinoCore.a(Sd2Card.o)
 .text._ZN11SPISettingsC2Emhh
                0x00001608       0x4a C:\Users\Asus\Desktop\Lab Project\SD Player\SD Player\ArduinoCore\Debug\libArduinoCore.a(Sd2Card.o)
                0x00001608                _ZN11SPISettingsC1Emhh
                0x00001608                _ZN11SPISettingsC2Emhh
 .text._ZN8SPIClass16beginTransactionE11SPISettings
                0x00001652       0x34 C:\Users\Asus\Desktop\Lab Project\SD Player\SD Player\ArduinoCore\Debug\libArduinoCore.a(Sd2Card.o)
                0x00001652                _ZN8SPIClass16beginTransactionE11SPISettings
 .text._ZN8SPIClass8transferEh
                0x00001686        0xe C:\Users\Asus\Desktop\Lab Project\SD Player\SD Player\ArduinoCore\Debug\libArduinoCore.a(Sd2Card.o)
                0x00001686                _ZN8SPIClass8transferEh
 .text._ZL6spiRecv
                0x00001694        0x6 C:\Users\Asus\Desktop\Lab Project\SD Player\SD Player\ArduinoCore\Debug\libArduinoCore.a(Sd2Card.o)
 .text._ZN7Sd2Card14chipSelectHighEv
                0x0000169a       0x22 C:\Users\Asus\Desktop\Lab Project\SD Player\SD Player\ArduinoCore\Debug\libArduinoCore.a(Sd2Card.o)
                0x0000169a                _ZN7Sd2Card14chipSelectHighEv
 .text._ZN7Sd2Card13chipSelectLowEv
                0x000016bc       0x2c C:\Users\Asus\Desktop\Lab Project\SD Player\SD Player\ArduinoCore\Debug\libArduinoCore.a(Sd2Card.o)
                0x000016bc                _ZN7Sd2Card13chipSelectLowEv
 .text._ZN7Sd2Card7readEndEv
                0x000016e8       0x34 C:\Users\Asus\Desktop\Lab Project\SD Player\SD Player\ArduinoCore\Debug\libArduinoCore.a(Sd2Card.o)
                0x000016e8                _ZN7Sd2Card7readEndEv
 .text._ZN7Sd2Card10setSckRateEh
                0x0000171c       0xb4 C:\Users\Asus\Desktop\Lab Project\SD Player\SD Player\ArduinoCore\Debug\libArduinoCore.a(Sd2Card.o)
                0x0000171c                _ZN7Sd2Card10setSckRateEh
 .text._ZN7Sd2Card11waitNotBusyEj
                0x000017d0       0x36 C:\Users\Asus\Desktop\Lab Project\SD Player\SD Player\ArduinoCore\Debug\libArduinoCore.a(Sd2Card.o)
                0x000017d0                _ZN7Sd2Card11waitNotBusyEj
 .text._ZN7Sd2Card11cardCommandEhm
                0x00001806       0x9e C:\Users\Asus\Desktop\Lab Project\SD Player\SD Player\ArduinoCore\Debug\libArduinoCore.a(Sd2Card.o)
                0x00001806                _ZN7Sd2Card11cardCommandEhm
 .text._ZN7Sd2Card4initEhh
                0x000018a4      0x1b2 C:\Users\Asus\Desktop\Lab Project\SD Player\SD Player\ArduinoCore\Debug\libArduinoCore.a(Sd2Card.o)
                0x000018a4                _ZN7Sd2Card4initEhh
 .text._ZN7Sd2Card14waitStartBlockEv
                0x00001a56       0x4a C:\Users\Asus\Desktop\Lab Project\SD Player\SD Player\ArduinoCore\Debug\libArduinoCore.a(Sd2Card.o)
                0x00001a56                _ZN7Sd2Card14waitStartBlockEv
 .text._ZN7Sd2Card8readDataEmjjPh.part.6
                0x00001aa0       0xf8 C:\Users\Asus\Desktop\Lab Project\SD Player\SD Player\ArduinoCore\Debug\libArduinoCore.a(Sd2Card.o)
 .text._ZN7Sd2Card8readDataEmjjPh
                0x00001b98       0x20 C:\Users\Asus\Desktop\Lab Project\SD Player\SD Player\ArduinoCore\Debug\libArduinoCore.a(Sd2Card.o)
                0x00001b98                _ZN7Sd2Card8readDataEmjjPh
 .text._ZN7Sd2Card9readBlockEmPh
                0x00001bb8       0x20 C:\Users\Asus\Desktop\Lab Project\SD Player\SD Player\ArduinoCore\Debug\libArduinoCore.a(Sd2Card.o)
                0x00001bb8                _ZN7Sd2Card9readBlockEmPh
 .text._ZN7Sd2Card9writeDataEhPKh
                0x00001bd8       0x60 C:\Users\Asus\Desktop\Lab Project\SD Player\SD Player\ArduinoCore\Debug\libArduinoCore.a(Sd2Card.o)
                0x00001bd8                _ZN7Sd2Card9writeDataEhPKh
 .text._ZN7Sd2Card10writeBlockEmPKh
                0x00001c38       0x9c C:\Users\Asus\Desktop\Lab Project\SD Player\SD Player\ArduinoCore\Debug\libArduinoCore.a(Sd2Card.o)
                0x00001c38                _ZN7Sd2Card10writeBlockEmPKh
 .text.startup._GLOBAL__sub_I__ZN7Sd2Card11cardCommandEhm
                0x00001cd4        0xc C:\Users\Asus\Desktop\Lab Project\SD Player\SD Player\ArduinoCore\Debug\libArduinoCore.a(Sd2Card.o)
 .text._ZN6SdFile10addClusterEv
                0x00001ce0       0x4e C:\Users\Asus\Desktop\Lab Project\SD Player\SD Player\ArduinoCore\Debug\libArduinoCore.a(SdFile.o)
                0x00001ce0                _ZN6SdFile10addClusterEv
 .text._ZN6SdFile13addDirClusterEv
                0x00001d2e       0xc0 C:\Users\Asus\Desktop\Lab Project\SD Player\SD Player\ArduinoCore\Debug\libArduinoCore.a(SdFile.o)
                0x00001d2e                _ZN6SdFile13addDirClusterEv
 .text._ZN6SdFile13cacheDirEntryEh
                0x00001dee       0x32 C:\Users\Asus\Desktop\Lab Project\SD Player\SD Player\ArduinoCore\Debug\libArduinoCore.a(SdFile.o)
                0x00001dee                _ZN6SdFile13cacheDirEntryEh
 .text._ZN6SdFile10make83NameEPKcPh
                0x00001e20       0x72 C:\Users\Asus\Desktop\Lab Project\SD Player\SD Player\ArduinoCore\Debug\libArduinoCore.a(SdFile.o)
                0x00001e20                _ZN6SdFile10make83NameEPKcPh
 .text._ZN6SdFile8openRootEP8SdVolume
                0x00001e92       0xa2 C:\Users\Asus\Desktop\Lab Project\SD Player\SD Player\ArduinoCore\Debug\libArduinoCore.a(SdFile.o)
                0x00001e92                _ZN6SdFile8openRootEP8SdVolume
 .text._ZN6SdFile4readEPvj
                0x00001f34      0x20a C:\Users\Asus\Desktop\Lab Project\SD Player\SD Player\ArduinoCore\Debug\libArduinoCore.a(SdFile.o)
                0x00001f34                _ZN6SdFile4readEPvj
 .text._ZN6SdFile12readDirCacheEv
                0x0000213e       0x92 C:\Users\Asus\Desktop\Lab Project\SD Player\SD Player\ArduinoCore\Debug\libArduinoCore.a(SdFile.o)
                0x0000213e                _ZN6SdFile12readDirCacheEv
 .text._ZN6SdFile7seekSetEm
                0x000021d0      0x12e C:\Users\Asus\Desktop\Lab Project\SD Player\SD Player\ArduinoCore\Debug\libArduinoCore.a(SdFile.o)
                0x000021d0                _ZN6SdFile7seekSetEm
 .text._ZN6SdFile4syncEv
                0x000022fe       0x8e C:\Users\Asus\Desktop\Lab Project\SD Player\SD Player\ArduinoCore\Debug\libArduinoCore.a(SdFile.o)
                0x000022fe                _ZN6SdFile4syncEv
 .text._ZN6SdFile5closeEv
                0x0000238c       0x18 C:\Users\Asus\Desktop\Lab Project\SD Player\SD Player\ArduinoCore\Debug\libArduinoCore.a(SdFile.o)
                0x0000238c                _ZN6SdFile5closeEv
 .text._ZN6SdFile8truncateEm
                0x000023a4      0x168 C:\Users\Asus\Desktop\Lab Project\SD Player\SD Player\ArduinoCore\Debug\libArduinoCore.a(SdFile.o)
                0x000023a4                _ZN6SdFile8truncateEm
 .text._ZN6SdFile15openCachedEntryEhh
                0x0000250c       0xd0 C:\Users\Asus\Desktop\Lab Project\SD Player\SD Player\ArduinoCore\Debug\libArduinoCore.a(SdFile.o)
                0x0000250c                _ZN6SdFile15openCachedEntryEhh
 .text._ZN6SdFile4openEPS_PKch
                0x000025dc      0x1d8 C:\Users\Asus\Desktop\Lab Project\SD Player\SD Player\ArduinoCore\Debug\libArduinoCore.a(SdFile.o)
                0x000025dc                _ZN6SdFile4openEPS_PKch
 .text._ZN6SdFile6removeEv
                0x000027b4       0x38 C:\Users\Asus\Desktop\Lab Project\SD Player\SD Player\ArduinoCore\Debug\libArduinoCore.a(SdFile.o)
                0x000027b4                _ZN6SdFile6removeEv
 .text._ZN6SdFile6removeEPS_PKc
                0x000027ec       0x4e C:\Users\Asus\Desktop\Lab Project\SD Player\SD Player\ArduinoCore\Debug\libArduinoCore.a(SdFile.o)
                0x000027ec                _ZN6SdFile6removeEPS_PKc
 .text._ZN6SdFile5writeEPKvj
                0x0000283a      0x342 C:\Users\Asus\Desktop\Lab Project\SD Player\SD Player\ArduinoCore\Debug\libArduinoCore.a(SdFile.o)
                0x0000283a                _ZN6SdFile5writeEPKvj
 .text._ZN6SdFile5writeEh
                0x00002b7c       0x22 C:\Users\Asus\Desktop\Lab Project\SD Player\SD Player\ArduinoCore\Debug\libArduinoCore.a(SdFile.o)
                0x00002b7c                _ZN6SdFile5writeEh
 .text._ZN8SdVolume10cacheFlushEv
                0x00002b9e       0x76 C:\Users\Asus\Desktop\Lab Project\SD Player\SD Player\ArduinoCore\Debug\libArduinoCore.a(SdVolume.o)
                0x00002b9e                _ZN8SdVolume10cacheFlushEv
 .text._ZN8SdVolume13cacheRawBlockEmh
                0x00002c14       0x76 C:\Users\Asus\Desktop\Lab Project\SD Player\SD Player\ArduinoCore\Debug\libArduinoCore.a(SdVolume.o)
                0x00002c14                _ZN8SdVolume13cacheRawBlockEmh
 .text._ZN8SdVolume14cacheZeroBlockEm
                0x00002c8a       0x48 C:\Users\Asus\Desktop\Lab Project\SD Player\SD Player\ArduinoCore\Debug\libArduinoCore.a(SdVolume.o)
                0x00002c8a                _ZN8SdVolume14cacheZeroBlockEm
 .text._ZNK8SdVolume6fatGetEmPm
                0x00002cd2      0x106 C:\Users\Asus\Desktop\Lab Project\SD Player\SD Player\ArduinoCore\Debug\libArduinoCore.a(SdVolume.o)
                0x00002cd2                _ZNK8SdVolume6fatGetEmPm
 .text._ZNK8SdVolume9chainSizeEmPm
                0x00002dd8       0xd2 C:\Users\Asus\Desktop\Lab Project\SD Player\SD Player\ArduinoCore\Debug\libArduinoCore.a(SdVolume.o)
                0x00002dd8                _ZNK8SdVolume9chainSizeEmPm
 .text._ZN8SdVolume6fatPutEmm
                0x00002eaa      0x142 C:\Users\Asus\Desktop\Lab Project\SD Player\SD Player\ArduinoCore\Debug\libArduinoCore.a(SdVolume.o)
                0x00002eaa                _ZN8SdVolume6fatPutEmm
 .text._ZN8SdVolume15allocContiguousEmPm
                0x00002fec      0x22a C:\Users\Asus\Desktop\Lab Project\SD Player\SD Player\ArduinoCore\Debug\libArduinoCore.a(SdVolume.o)
                0x00002fec                _ZN8SdVolume15allocContiguousEmPm
 .text._ZN8SdVolume9freeChainEm
                0x00003216       0xac C:\Users\Asus\Desktop\Lab Project\SD Player\SD Player\ArduinoCore\Debug\libArduinoCore.a(SdVolume.o)
                0x00003216                _ZN8SdVolume9freeChainEm
 .text._ZN8SdVolume4initEP7Sd2Cardh
                0x000032c2      0x22e C:\Users\Asus\Desktop\Lab Project\SD Player\SD Player\ArduinoCore\Debug\libArduinoCore.a(SdVolume.o)
                0x000032c2                _ZN8SdVolume4initEP7Sd2Cardh
 .text._ZN8SPIClass5beginEv
                0x000034f0       0x6c C:\Users\Asus\Desktop\Lab Project\SD Player\SD Player\ArduinoCore\Debug\libArduinoCore.a(SPI.o)
                0x000034f0                _ZN8SPIClass5beginEv
 .text._ZN14HardwareSerial9availableEv
                0x0000355c       0x18 C:\Users\Asus\Desktop\Lab Project\SD Player\SD Player\ArduinoCore\Debug\libArduinoCore.a(HardwareSerial.o)
                0x0000355c                _ZN14HardwareSerial9availableEv
 .text._ZN14HardwareSerial4peekEv
                0x00003574       0x1c C:\Users\Asus\Desktop\Lab Project\SD Player\SD Player\ArduinoCore\Debug\libArduinoCore.a(HardwareSerial.o)
                0x00003574                _ZN14HardwareSerial4peekEv
 .text._ZN14HardwareSerial4readEv
                0x00003590       0x28 C:\Users\Asus\Desktop\Lab Project\SD Player\SD Player\ArduinoCore\Debug\libArduinoCore.a(HardwareSerial.o)
                0x00003590                _ZN14HardwareSerial4readEv
 .text._ZN14HardwareSerial17availableForWriteEv
                0x000035b8       0x26 C:\Users\Asus\Desktop\Lab Project\SD Player\SD Player\ArduinoCore\Debug\libArduinoCore.a(HardwareSerial.o)
                0x000035b8                _ZN14HardwareSerial17availableForWriteEv
 .text._Z14serialEventRunv
                0x000035de       0x1c C:\Users\Asus\Desktop\Lab Project\SD Player\SD Player\ArduinoCore\Debug\libArduinoCore.a(HardwareSerial.o)
                0x000035de                _Z14serialEventRunv
 .text._ZN14HardwareSerial17_tx_udr_empty_irqEv
                0x000035fa       0x40 C:\Users\Asus\Desktop\Lab Project\SD Player\SD Player\ArduinoCore\Debug\libArduinoCore.a(HardwareSerial.o)
                0x000035fa                _ZN14HardwareSerial17_tx_udr_empty_irqEv
 .text._ZN14HardwareSerial5writeEh
                0x0000363a       0x96 C:\Users\Asus\Desktop\Lab Project\SD Player\SD Player\ArduinoCore\Debug\libArduinoCore.a(HardwareSerial.o)
                0x0000363a                _ZN14HardwareSerial5writeEh
 .text._ZN14HardwareSerial5flushEv
                0x000036d0       0x44 C:\Users\Asus\Desktop\Lab Project\SD Player\SD Player\ArduinoCore\Debug\libArduinoCore.a(HardwareSerial.o)
                0x000036d0                _ZN14HardwareSerial5flushEv
 .text.libgcc.div
                0x00003714       0x44 d:/elec uni/atmel studio/7.0/toolchain/avr8/avr8-gnu-toolchain/bin/../lib/gcc/avr/5.4.0/avr5\libgcc.a(_udivmodsi4.o)
                0x00003714                __udivmodsi4
 .text.libgcc.div
                0x00003758       0x2e d:/elec uni/atmel studio/7.0/toolchain/avr8/avr8-gnu-toolchain/bin/../lib/gcc/avr/5.4.0/avr5\libgcc.a(_divmodsi4.o)
                0x00003758                __divmodsi4
 .text.libgcc.div
                0x00003786       0x10 d:/elec uni/atmel studio/7.0/toolchain/avr8/avr8-gnu-toolchain/bin/../lib/gcc/avr/5.4.0/avr5\libgcc.a(_negsi2.o)
                0x00003786                __negsi2
 .text.libgcc.mul
                0x00003796       0x16 d:/elec uni/atmel studio/7.0/toolchain/avr8/avr8-gnu-toolchain/bin/../lib/gcc/avr/5.4.0/avr5\libgcc.a(_muluhisi3.o)
                0x00003796                __muluhisi3
 .text.libgcc   0x000037ac        0xc d:/elec uni/atmel studio/7.0/toolchain/avr8/avr8-gnu-toolchain/bin/../lib/gcc/avr/5.4.0/avr5\libgcc.a(_tablejump2.o)
                0x000037ac                __tablejump2__
 .text.libgcc.mul
                0x000037b8       0x1e d:/elec uni/atmel studio/7.0/toolchain/avr8/avr8-gnu-toolchain/bin/../lib/gcc/avr/5.4.0/avr5\libgcc.a(_umulhisi3.o)
                0x000037b8                __umulhisi3
 .text.avr-libc
                0x000037d6      0x242 d:/elec uni/atmel studio/7.0/toolchain/avr8/avr8-gnu-toolchain/bin/../lib/gcc/avr/5.4.0/../../../../avr/lib/avr5\libc.a(malloc.o)
                0x000037d6                malloc
                0x00003906                free
 .text.avr-libc
                0x00003a18      0x18c d:/elec uni/atmel studio/7.0/toolchain/avr8/avr8-gnu-toolchain/bin/../lib/gcc/avr/5.4.0/../../../../avr/lib/avr5\libc.a(realloc.o)
                0x00003a18                realloc
 .text.avr-libc
                0x00003ba4       0x1a d:/elec uni/atmel studio/7.0/toolchain/avr8/avr8-gnu-toolchain/bin/../lib/gcc/avr/5.4.0/../../../../avr/lib/avr5\libc.a(memcmp.o)
                0x00003ba4                memcmp
 .text.avr-libc
                0x00003bbe       0x12 d:/elec uni/atmel studio/7.0/toolchain/avr8/avr8-gnu-toolchain/bin/../lib/gcc/avr/5.4.0/../../../../avr/lib/avr5\libc.a(memcpy.o)
                0x00003bbe                memcpy
 .text.avr-libc
                0x00003bd0       0x16 d:/elec uni/atmel studio/7.0/toolchain/avr8/avr8-gnu-toolchain/bin/../lib/gcc/avr/5.4.0/../../../../avr/lib/avr5\libc.a(strchr.o)
                0x00003bd0                strchr
 .text.avr-libc
                0x00003be6        0xe d:/elec uni/atmel studio/7.0/toolchain/avr8/avr8-gnu-toolchain/bin/../lib/gcc/avr/5.4.0/../../../../avr/lib/avr5\libc.a(strcpy.o)
                0x00003be6                strcpy
 .text.avr-libc
                0x00003bf4       0x1e d:/elec uni/atmel studio/7.0/toolchain/avr8/avr8-gnu-toolchain/bin/../lib/gcc/avr/5.4.0/../../../../avr/lib/avr5\libc.a(strncpy.o)
                0x00003bf4                strncpy
 .text.libgcc.prologue
                0x00003c12       0x38 d:/elec uni/atmel studio/7.0/toolchain/avr8/avr8-gnu-toolchain/bin/../lib/gcc/avr/5.4.0/avr5\libgcc.a(_prologue.o)
                0x00003c12                __prologue_saves__
 .text.libgcc.prologue
                0x00003c4a       0x36 d:/elec uni/atmel studio/7.0/toolchain/avr8/avr8-gnu-toolchain/bin/../lib/gcc/avr/5.4.0/avr5\libgcc.a(_epilogue.o)
                0x00003c4a                __epilogue_restores__
                0x00003c80                . = ALIGN (0x2)
 *(.fini9)
 .fini9         0x00003c80        0x0 d:/elec uni/atmel studio/7.0/toolchain/avr8/avr8-gnu-toolchain/bin/../lib/gcc/avr/5.4.0/avr5\libgcc.a(_exit.o)
                0x00003c80                _exit
                0x00003c80                exit
 *(.fini9)
 *(.fini8)
 *(.fini8)
 *(.fini7)
 *(.fini7)
 *(.fini6)
 *(.fini6)
 *(.fini5)
 *(.fini5)
 *(.fini4)
 *(.fini4)
 *(.fini3)
 *(.fini3)
 *(.fini2)
 *(.fini2)
 *(.fini1)
 *(.fini1)
 *(.fini0)
 .fini0         0x00003c80        0x4 d:/elec uni/atmel studio/7.0/toolchain/avr8/avr8-gnu-toolchain/bin/../lib/gcc/avr/5.4.0/avr5\libgcc.a(_exit.o)
 *(.fini0)
                0x00003c84                _etext = .

.data           0x00800100      0x134 load address 0x00003c84
                0x00800100                PROVIDE (__data_start, .)
 *(.data)
 .data          0x00800100        0x6 d:/elec uni/atmel studio/7.0/toolchain/avr8/avr8-gnu-toolchain/bin/../lib/gcc/avr/5.4.0/../../../../avr/lib/avr5\libc.a(malloc.o)
                0x00800100                __malloc_heap_end
                0x00800102                __malloc_heap_start
                0x00800104                __malloc_margin
 *(.data*)
 .data.sampleData
                0x00800106       0x28 Sketch.o
                0x00800106                sampleData
 .data.tempFile
                0x0080012e        0x9 Sketch.o
                0x0080012e                tempFile
 .data.recfilename
                0x00800137        0xc Sketch.o
                0x00800137                recfilename
 .data.playfilename
                0x00800143        0xb Sketch.o
                0x00800143                playfilename
 .data.STOPBtn  0x0080014e        0x1 Sketch.o
                0x0080014e                STOPBtn
 .data.RECBtn   0x0080014f        0x1 Sketch.o
                0x0080014f                RECBtn
 .data.PLAYBtn  0x00800150        0x1 Sketch.o
                0x00800150                PLAYBtn
 .data._ZN8SdVolume17cacheBlockNumber_E
                0x00800151        0x4 C:\Users\Asus\Desktop\Lab Project\SD Player\SD Player\ArduinoCore\Debug\libArduinoCore.a(SdVolume.o)
                0x00800151                _ZN8SdVolume17cacheBlockNumber_E
 *(.gnu.linkonce.d*)
 *(.rodata)
 *(.rodata*)
 .rodata.str1.1
                0x00800155       0x9e Sketch.o
 .rodata.str1.1
                0x008001f3        0xf C:\Users\Asus\Desktop\Lab Project\SD Player\SD Player\ArduinoCore\Debug\libArduinoCore.a(Print.o)
 .rodata._ZTVN5SDLib4FileE
                0x00800202       0x12 C:\Users\Asus\Desktop\Lab Project\SD Player\SD Player\ArduinoCore\Debug\libArduinoCore.a(File.o)
                0x00800202                _ZTVN5SDLib4FileE
 .rodata.str1.1
                0x00800214        0x2 C:\Users\Asus\Desktop\Lab Project\SD Player\SD Player\ArduinoCore\Debug\libArduinoCore.a(SD.o)
 .rodata._ZTV6SdFile
                0x00800216        0xc C:\Users\Asus\Desktop\Lab Project\SD Player\SD Player\ArduinoCore\Debug\libArduinoCore.a(SdFile.o)
                0x00800216                _ZTV6SdFile
 .rodata._ZTV14HardwareSerial
                0x00800222       0x12 C:\Users\Asus\Desktop\Lab Project\SD Player\SD Player\ArduinoCore\Debug\libArduinoCore.a(HardwareSerial.o)
                0x00800222                _ZTV14HardwareSerial
 *(.gnu.linkonce.r*)
                0x00800234                . = ALIGN (0x2)
                0x00800234                _edata = .
                0x00800234                PROVIDE (__data_end, .)

.bss            0x00800234      0x51a
                0x00800234                PROVIDE (__bss_start, .)
 *(.bss)
 *(.bss*)
 .bss.temp      0x00800234       0x1b Sketch.o
                0x00800234                temp
 .bss.RecFile   0x0080024f       0x1b Sketch.o
                0x0080024f                RecFile
 .bss.PlayFile  0x0080026a       0x1b Sketch.o
                0x0080026a                PlayFile
 .bss.numBytes  0x00800285        0x2 Sketch.o
                0x00800285                numBytes
 .bss.dataCount
                0x00800287        0x2 Sketch.o
                0x00800287                dataCount
 .bss.RecFlag   0x00800289        0x1 Sketch.o
                0x00800289                RecFlag
 .bss.PlayFlag  0x0080028a        0x1 Sketch.o
                0x0080028a                PlayFlag
 .bss.Serial    0x0080028b      0x25d C:\Users\Asus\Desktop\Lab Project\SD Player\SD Player\ArduinoCore\Debug\libArduinoCore.a(HardwareSerial0.o)
                0x0080028b                Serial
 .bss.timer0_fract
                0x008004e8        0x1 C:\Users\Asus\Desktop\Lab Project\SD Player\SD Player\ArduinoCore\Debug\libArduinoCore.a(wiring.o)
 .bss.timer0_millis
                0x008004e9        0x4 C:\Users\Asus\Desktop\Lab Project\SD Player\SD Player\ArduinoCore\Debug\libArduinoCore.a(wiring.o)
                0x008004e9                timer0_millis
 .bss.timer0_overflow_count
                0x008004ed        0x4 C:\Users\Asus\Desktop\Lab Project\SD Player\SD Player\ArduinoCore\Debug\libArduinoCore.a(wiring.o)
                0x008004ed                timer0_overflow_count
 .bss._ZN5SDLib2SDE
                0x008004f1       0x49 C:\Users\Asus\Desktop\Lab Project\SD Player\SD Player\ArduinoCore\Debug\libArduinoCore.a(SD.o)
                0x008004f1                _ZN5SDLib2SDE
 .bss._ZL20chip_select_asserted
                0x0080053a        0x1 C:\Users\Asus\Desktop\Lab Project\SD Player\SD Player\ArduinoCore\Debug\libArduinoCore.a(Sd2Card.o)
 .bss._ZL8settings
                0x0080053b        0x2 C:\Users\Asus\Desktop\Lab Project\SD Player\SD Player\ArduinoCore\Debug\libArduinoCore.a(Sd2Card.o)
 .bss._ZN6SdFile9dateTime_E
                0x0080053d        0x2 C:\Users\Asus\Desktop\Lab Project\SD Player\SD Player\ArduinoCore\Debug\libArduinoCore.a(SdFile.o)
                0x0080053d                _ZN6SdFile9dateTime_E
 .bss._ZN8SdVolume17cacheMirrorBlock_E
                0x0080053f        0x4 C:\Users\Asus\Desktop\Lab Project\SD Player\SD Player\ArduinoCore\Debug\libArduinoCore.a(SdVolume.o)
                0x0080053f                _ZN8SdVolume17cacheMirrorBlock_E
 .bss._ZN8SdVolume11cacheDirty_E
                0x00800543        0x1 C:\Users\Asus\Desktop\Lab Project\SD Player\SD Player\ArduinoCore\Debug\libArduinoCore.a(SdVolume.o)
                0x00800543                _ZN8SdVolume11cacheDirty_E
 .bss._ZN8SdVolume7sdCard_E
                0x00800544        0x2 C:\Users\Asus\Desktop\Lab Project\SD Player\SD Player\ArduinoCore\Debug\libArduinoCore.a(SdVolume.o)
                0x00800544                _ZN8SdVolume7sdCard_E
 .bss._ZN8SdVolume12cacheBuffer_E
                0x00800546      0x200 C:\Users\Asus\Desktop\Lab Project\SD Player\SD Player\ArduinoCore\Debug\libArduinoCore.a(SdVolume.o)
                0x00800546                _ZN8SdVolume12cacheBuffer_E
 .bss._ZN8SPIClass13interruptSaveE
                0x00800746        0x1 C:\Users\Asus\Desktop\Lab Project\SD Player\SD Player\ArduinoCore\Debug\libArduinoCore.a(SPI.o)
                0x00800746                _ZN8SPIClass13interruptSaveE
 .bss._ZN8SPIClass13interruptMaskE
                0x00800747        0x1 C:\Users\Asus\Desktop\Lab Project\SD Player\SD Player\ArduinoCore\Debug\libArduinoCore.a(SPI.o)
                0x00800747                _ZN8SPIClass13interruptMaskE
 .bss._ZN8SPIClass13interruptModeE
                0x00800748        0x1 C:\Users\Asus\Desktop\Lab Project\SD Player\SD Player\ArduinoCore\Debug\libArduinoCore.a(SPI.o)
                0x00800748                _ZN8SPIClass13interruptModeE
 .bss._ZN8SPIClass11initializedE
                0x00800749        0x1 C:\Users\Asus\Desktop\Lab Project\SD Player\SD Player\ArduinoCore\Debug\libArduinoCore.a(SPI.o)
                0x00800749                _ZN8SPIClass11initializedE
 *(COMMON)
 COMMON         0x0080074a        0x4 d:/elec uni/atmel studio/7.0/toolchain/avr8/avr8-gnu-toolchain/bin/../lib/gcc/avr/5.4.0/../../../../avr/lib/avr5\libc.a(malloc.o)
                0x0080074a                __brkval
                0x0080074c                __flp
                0x0080074e                PROVIDE (__bss_end, .)
                0x00003c84                __data_load_start = LOADADDR (.data)
                0x00003db8                __data_load_end = (__data_load_start + SIZEOF (.data))

.noinit         0x0080074e        0x0
                [!provide]                PROVIDE (__noinit_start, .)
 *(.noinit*)
                [!provide]                PROVIDE (__noinit_end, .)
                0x0080074e                _end = .
                0x0080074e                PROVIDE (__heap_start, .)

.eeprom         0x00810000        0x0
 *(.eeprom*)
                0x00810000                __eeprom_end = .

.fuse
 *(.fuse)
 *(.lfuse)
 *(.hfuse)
 *(.efuse)

.lock
 *(.lock*)

.signature
 *(.signature*)

.user_signatures
 *(.user_signatures*)

.stab
 *(.stab)

.stabstr
 *(.stabstr)

.stab.excl
 *(.stab.excl)

.stab.exclstr
 *(.stab.exclstr)

.stab.index
 *(.stab.index)

.stab.indexstr
 *(.stab.indexstr)

.comment        0x00000000       0x30
 *(.comment)
 .comment       0x00000000       0x30 UART.o
                                 0x31 (size before relaxing)
 .comment       0x00000030       0x31 Sketch.o
 .comment       0x00000030       0x31 C:\Users\Asus\Desktop\Lab Project\SD Player\SD Player\ArduinoCore\Debug\libArduinoCore.a(HardwareSerial0.o)
 .comment       0x00000030       0x31 C:\Users\Asus\Desktop\Lab Project\SD Player\SD Player\ArduinoCore\Debug\libArduinoCore.a(main.o)
 .comment       0x00000030       0x31 C:\Users\Asus\Desktop\Lab Project\SD Player\SD Player\ArduinoCore\Debug\libArduinoCore.a(Print.o)
 .comment       0x00000030       0x31 C:\Users\Asus\Desktop\Lab Project\SD Player\SD Player\ArduinoCore\Debug\libArduinoCore.a(wiring.o)
 .comment       0x00000030       0x31 C:\Users\Asus\Desktop\Lab Project\SD Player\SD Player\ArduinoCore\Debug\libArduinoCore.a(wiring_digital.o)
 .comment       0x00000030       0x31 C:\Users\Asus\Desktop\Lab Project\SD Player\SD Player\ArduinoCore\Debug\libArduinoCore.a(WString.o)
 .comment       0x00000030       0x31 C:\Users\Asus\Desktop\Lab Project\SD Player\SD Player\ArduinoCore\Debug\libArduinoCore.a(File.o)
 .comment       0x00000030       0x31 C:\Users\Asus\Desktop\Lab Project\SD Player\SD Player\ArduinoCore\Debug\libArduinoCore.a(SD.o)
 .comment       0x00000030       0x31 C:\Users\Asus\Desktop\Lab Project\SD Player\SD Player\ArduinoCore\Debug\libArduinoCore.a(Sd2Card.o)
 .comment       0x00000030       0x31 C:\Users\Asus\Desktop\Lab Project\SD Player\SD Player\ArduinoCore\Debug\libArduinoCore.a(SdFile.o)
 .comment       0x00000030       0x31 C:\Users\Asus\Desktop\Lab Project\SD Player\SD Player\ArduinoCore\Debug\libArduinoCore.a(SdVolume.o)
 .comment       0x00000030       0x31 C:\Users\Asus\Desktop\Lab Project\SD Player\SD Player\ArduinoCore\Debug\libArduinoCore.a(SPI.o)
 .comment       0x00000030       0x31 C:\Users\Asus\Desktop\Lab Project\SD Player\SD Player\ArduinoCore\Debug\libArduinoCore.a(HardwareSerial.o)
 .comment       0x00000030       0x31 d:/elec uni/atmel studio/7.0/toolchain/avr8/avr8-gnu-toolchain/bin/../lib/gcc/avr/5.4.0/../../../../avr/lib/avr5\libc.a(malloc.o)
 .comment       0x00000030       0x31 d:/elec uni/atmel studio/7.0/toolchain/avr8/avr8-gnu-toolchain/bin/../lib/gcc/avr/5.4.0/../../../../avr/lib/avr5\libc.a(realloc.o)

.note.gnu.avr.deviceinfo
                0x00000000       0x40
 .note.gnu.avr.deviceinfo
                0x00000000       0x40 D:/Elec UNI/Atmel Studio/7.0/Packs/atmel/ATmega_DFP/1.6.364/gcc/dev/atmega328p/avr5/crtatmega328p.o

.note.gnu.build-id
 *(.note.gnu.build-id)

.debug
 *(.debug)

.line
 *(.line)

.debug_srcinfo
 *(.debug_srcinfo)

.debug_sfnames
 *(.debug_sfnames)

.debug_aranges  0x00000000      0x9e8
 *(.debug_aranges)
 .debug_aranges
                0x00000000       0x30 UART.o
 .debug_aranges
                0x00000030       0x68 Sketch.o
 .debug_aranges
                0x00000098       0x48 C:\Users\Asus\Desktop\Lab Project\SD Player\SD Player\ArduinoCore\Debug\libArduinoCore.a(HardwareSerial0.o)
 .debug_aranges
                0x000000e0       0x30 C:\Users\Asus\Desktop\Lab Project\SD Player\SD Player\ArduinoCore\Debug\libArduinoCore.a(main.o)
 .debug_aranges
                0x00000110      0x100 C:\Users\Asus\Desktop\Lab Project\SD Player\SD Player\ArduinoCore\Debug\libArduinoCore.a(Print.o)
 .debug_aranges
                0x00000210       0x48 C:\Users\Asus\Desktop\Lab Project\SD Player\SD Player\ArduinoCore\Debug\libArduinoCore.a(wiring.o)
 .debug_aranges
                0x00000258       0x38 C:\Users\Asus\Desktop\Lab Project\SD Player\SD Player\ArduinoCore\Debug\libArduinoCore.a(wiring_digital.o)
 .debug_aranges
                0x00000290      0x2b8 C:\Users\Asus\Desktop\Lab Project\SD Player\SD Player\ArduinoCore\Debug\libArduinoCore.a(WString.o)
 .debug_aranges
                0x00000548       0xb0 C:\Users\Asus\Desktop\Lab Project\SD Player\SD Player\ArduinoCore\Debug\libArduinoCore.a(File.o)
 .debug_aranges
                0x000005f8       0xb8 C:\Users\Asus\Desktop\Lab Project\SD Player\SD Player\ArduinoCore\Debug\libArduinoCore.a(SD.o)
 .debug_aranges
                0x000006b0       0xf8 C:\Users\Asus\Desktop\Lab Project\SD Player\SD Player\ArduinoCore\Debug\libArduinoCore.a(Sd2Card.o)
 .debug_aranges
                0x000007a8      0x140 C:\Users\Asus\Desktop\Lab Project\SD Player\SD Player\ArduinoCore\Debug\libArduinoCore.a(SdFile.o)
 .debug_aranges
                0x000008e8       0x60 C:\Users\Asus\Desktop\Lab Project\SD Player\SD Player\ArduinoCore\Debug\libArduinoCore.a(SdVolume.o)
 .debug_aranges
                0x00000948       0x38 C:\Users\Asus\Desktop\Lab Project\SD Player\SD Player\ArduinoCore\Debug\libArduinoCore.a(SPI.o)
 .debug_aranges
                0x00000980       0x68 C:\Users\Asus\Desktop\Lab Project\SD Player\SD Player\ArduinoCore\Debug\libArduinoCore.a(HardwareSerial.o)

.debug_pubnames
 *(.debug_pubnames)

.debug_info     0x00000000    0x223fd
 *(.debug_info .gnu.linkonce.wi.*)
 .debug_info    0x00000000      0x5f4 D:/Elec UNI/Atmel Studio/7.0/Packs/atmel/ATmega_DFP/1.6.364/gcc/dev/atmega328p/avr5/crtatmega328p.o
 .debug_info    0x000005f4      0x10d UART.o
 .debug_info    0x00000701     0x461e Sketch.o
 .debug_info    0x00004d1f     0x1b16 C:\Users\Asus\Desktop\Lab Project\SD Player\SD Player\ArduinoCore\Debug\libArduinoCore.a(HardwareSerial0.o)
 .debug_info    0x00006835      0x237 C:\Users\Asus\Desktop\Lab Project\SD Player\SD Player\ArduinoCore\Debug\libArduinoCore.a(main.o)
 .debug_info    0x00006a6c     0x28ff C:\Users\Asus\Desktop\Lab Project\SD Player\SD Player\ArduinoCore\Debug\libArduinoCore.a(Print.o)
 .debug_info    0x0000936b      0x2cb C:\Users\Asus\Desktop\Lab Project\SD Player\SD Player\ArduinoCore\Debug\libArduinoCore.a(wiring.o)
 .debug_info    0x00009636      0x5fe C:\Users\Asus\Desktop\Lab Project\SD Player\SD Player\ArduinoCore\Debug\libArduinoCore.a(wiring_digital.o)
 .debug_info    0x00009c34     0x4338 C:\Users\Asus\Desktop\Lab Project\SD Player\SD Player\ArduinoCore\Debug\libArduinoCore.a(WString.o)
 .debug_info    0x0000df6c     0x2bc7 C:\Users\Asus\Desktop\Lab Project\SD Player\SD Player\ArduinoCore\Debug\libArduinoCore.a(File.o)
 .debug_info    0x00010b33     0x4d7d C:\Users\Asus\Desktop\Lab Project\SD Player\SD Player\ArduinoCore\Debug\libArduinoCore.a(SD.o)
 .debug_info    0x000158b0     0x304e C:\Users\Asus\Desktop\Lab Project\SD Player\SD Player\ArduinoCore\Debug\libArduinoCore.a(Sd2Card.o)
 .debug_info    0x000188fe     0x4e7f C:\Users\Asus\Desktop\Lab Project\SD Player\SD Player\ArduinoCore\Debug\libArduinoCore.a(SdFile.o)
 .debug_info    0x0001d77d     0x264c C:\Users\Asus\Desktop\Lab Project\SD Player\SD Player\ArduinoCore\Debug\libArduinoCore.a(SdVolume.o)
 .debug_info    0x0001fdc9      0x66b C:\Users\Asus\Desktop\Lab Project\SD Player\SD Player\ArduinoCore\Debug\libArduinoCore.a(SPI.o)
 .debug_info    0x00020434     0x1fc9 C:\Users\Asus\Desktop\Lab Project\SD Player\SD Player\ArduinoCore\Debug\libArduinoCore.a(HardwareSerial.o)

.debug_abbrev   0x00000000     0x475b
 *(.debug_abbrev)
 .debug_abbrev  0x00000000      0x5a2 D:/Elec UNI/Atmel Studio/7.0/Packs/atmel/ATmega_DFP/1.6.364/gcc/dev/atmega328p/avr5/crtatmega328p.o
 .debug_abbrev  0x000005a2       0xb2 UART.o
 .debug_abbrev  0x00000654      0x794 Sketch.o
 .debug_abbrev  0x00000de8      0x3ce C:\Users\Asus\Desktop\Lab Project\SD Player\SD Player\ArduinoCore\Debug\libArduinoCore.a(HardwareSerial0.o)
 .debug_abbrev  0x000011b6      0x12d C:\Users\Asus\Desktop\Lab Project\SD Player\SD Player\ArduinoCore\Debug\libArduinoCore.a(main.o)
 .debug_abbrev  0x000012e3      0x47a C:\Users\Asus\Desktop\Lab Project\SD Player\SD Player\ArduinoCore\Debug\libArduinoCore.a(Print.o)
 .debug_abbrev  0x0000175d      0x146 C:\Users\Asus\Desktop\Lab Project\SD Player\SD Player\ArduinoCore\Debug\libArduinoCore.a(wiring.o)
 .debug_abbrev  0x000018a3      0x15b C:\Users\Asus\Desktop\Lab Project\SD Player\SD Player\ArduinoCore\Debug\libArduinoCore.a(wiring_digital.o)
 .debug_abbrev  0x000019fe      0x4c2 C:\Users\Asus\Desktop\Lab Project\SD Player\SD Player\ArduinoCore\Debug\libArduinoCore.a(WString.o)
 .debug_abbrev  0x00001ec0      0x51b C:\Users\Asus\Desktop\Lab Project\SD Player\SD Player\ArduinoCore\Debug\libArduinoCore.a(File.o)
 .debug_abbrev  0x000023db      0x83e C:\Users\Asus\Desktop\Lab Project\SD Player\SD Player\ArduinoCore\Debug\libArduinoCore.a(SD.o)
 .debug_abbrev  0x00002c19      0x635 C:\Users\Asus\Desktop\Lab Project\SD Player\SD Player\ArduinoCore\Debug\libArduinoCore.a(Sd2Card.o)
 .debug_abbrev  0x0000324e      0x858 C:\Users\Asus\Desktop\Lab Project\SD Player\SD Player\ArduinoCore\Debug\libArduinoCore.a(SdFile.o)
 .debug_abbrev  0x00003aa6      0x561 C:\Users\Asus\Desktop\Lab Project\SD Player\SD Player\ArduinoCore\Debug\libArduinoCore.a(SdVolume.o)
 .debug_abbrev  0x00004007      0x283 C:\Users\Asus\Desktop\Lab Project\SD Player\SD Player\ArduinoCore\Debug\libArduinoCore.a(SPI.o)
 .debug_abbrev  0x0000428a      0x4d1 C:\Users\Asus\Desktop\Lab Project\SD Player\SD Player\ArduinoCore\Debug\libArduinoCore.a(HardwareSerial.o)

.debug_line     0x00000000     0x61de
 *(.debug_line .debug_line.* .debug_line_end)
 .debug_line    0x00000000      0x134 D:/Elec UNI/Atmel Studio/7.0/Packs/atmel/ATmega_DFP/1.6.364/gcc/dev/atmega328p/avr5/crtatmega328p.o
 .debug_line    0x00000134       0xa1 UART.o
 .debug_line    0x000001d5      0x5ad Sketch.o
 .debug_line    0x00000782      0x276 C:\Users\Asus\Desktop\Lab Project\SD Player\SD Player\ArduinoCore\Debug\libArduinoCore.a(HardwareSerial0.o)
 .debug_line    0x000009f8      0x15a C:\Users\Asus\Desktop\Lab Project\SD Player\SD Player\ArduinoCore\Debug\libArduinoCore.a(main.o)
 .debug_line    0x00000b52      0x66f C:\Users\Asus\Desktop\Lab Project\SD Player\SD Player\ArduinoCore\Debug\libArduinoCore.a(Print.o)
 .debug_line    0x000011c1      0x28e C:\Users\Asus\Desktop\Lab Project\SD Player\SD Player\ArduinoCore\Debug\libArduinoCore.a(wiring.o)
 .debug_line    0x0000144f      0x247 C:\Users\Asus\Desktop\Lab Project\SD Player\SD Player\ArduinoCore\Debug\libArduinoCore.a(wiring_digital.o)
 .debug_line    0x00001696     0x1334 C:\Users\Asus\Desktop\Lab Project\SD Player\SD Player\ArduinoCore\Debug\libArduinoCore.a(WString.o)
 .debug_line    0x000029ca      0x597 C:\Users\Asus\Desktop\Lab Project\SD Player\SD Player\ArduinoCore\Debug\libArduinoCore.a(File.o)
 .debug_line    0x00002f61      0x7e9 C:\Users\Asus\Desktop\Lab Project\SD Player\SD Player\ArduinoCore\Debug\libArduinoCore.a(SD.o)
 .debug_line    0x0000374a      0xb2f C:\Users\Asus\Desktop\Lab Project\SD Player\SD Player\ArduinoCore\Debug\libArduinoCore.a(Sd2Card.o)
 .debug_line    0x00004279     0x1228 C:\Users\Asus\Desktop\Lab Project\SD Player\SD Player\ArduinoCore\Debug\libArduinoCore.a(SdFile.o)
 .debug_line    0x000054a1      0x5a9 C:\Users\Asus\Desktop\Lab Project\SD Player\SD Player\ArduinoCore\Debug\libArduinoCore.a(SdVolume.o)
 .debug_line    0x00005a4a      0x2cd C:\Users\Asus\Desktop\Lab Project\SD Player\SD Player\ArduinoCore\Debug\libArduinoCore.a(SPI.o)
 .debug_line    0x00005d17      0x4c7 C:\Users\Asus\Desktop\Lab Project\SD Player\SD Player\ArduinoCore\Debug\libArduinoCore.a(HardwareSerial.o)

.debug_frame    0x00000000     0x26c4
 *(.debug_frame)
 .debug_frame   0x00000000       0x50 UART.o
 .debug_frame   0x00000050      0x1d4 Sketch.o
 .debug_frame   0x00000224       0xe0 C:\Users\Asus\Desktop\Lab Project\SD Player\SD Player\ArduinoCore\Debug\libArduinoCore.a(HardwareSerial0.o)
 .debug_frame   0x00000304       0x54 C:\Users\Asus\Desktop\Lab Project\SD Player\SD Player\ArduinoCore\Debug\libArduinoCore.a(main.o)
 .debug_frame   0x00000358      0x3ac C:\Users\Asus\Desktop\Lab Project\SD Player\SD Player\ArduinoCore\Debug\libArduinoCore.a(Print.o)
 .debug_frame   0x00000704       0xc4 C:\Users\Asus\Desktop\Lab Project\SD Player\SD Player\ArduinoCore\Debug\libArduinoCore.a(wiring.o)
 .debug_frame   0x000007c8       0x7c C:\Users\Asus\Desktop\Lab Project\SD Player\SD Player\ArduinoCore\Debug\libArduinoCore.a(wiring_digital.o)
 .debug_frame   0x00000844      0xa60 C:\Users\Asus\Desktop\Lab Project\SD Player\SD Player\ArduinoCore\Debug\libArduinoCore.a(WString.o)
 .debug_frame   0x000012a4      0x1d0 C:\Users\Asus\Desktop\Lab Project\SD Player\SD Player\ArduinoCore\Debug\libArduinoCore.a(File.o)
 .debug_frame   0x00001474      0x324 C:\Users\Asus\Desktop\Lab Project\SD Player\SD Player\ArduinoCore\Debug\libArduinoCore.a(SD.o)
 .debug_frame   0x00001798      0x43c C:\Users\Asus\Desktop\Lab Project\SD Player\SD Player\ArduinoCore\Debug\libArduinoCore.a(Sd2Card.o)
 .debug_frame   0x00001bd4      0x708 C:\Users\Asus\Desktop\Lab Project\SD Player\SD Player\ArduinoCore\Debug\libArduinoCore.a(SdFile.o)
 .debug_frame   0x000022dc      0x27c C:\Users\Asus\Desktop\Lab Project\SD Player\SD Player\ArduinoCore\Debug\libArduinoCore.a(SdVolume.o)
 .debug_frame   0x00002558       0x5c C:\Users\Asus\Desktop\Lab Project\SD Player\SD Player\ArduinoCore\Debug\libArduinoCore.a(SPI.o)
 .debug_frame   0x000025b4      0x110 C:\Users\Asus\Desktop\Lab Project\SD Player\SD Player\ArduinoCore\Debug\libArduinoCore.a(HardwareSerial.o)

.debug_str      0x00000000     0x548e
 *(.debug_str)
 .debug_str     0x00000000      0x208 D:/Elec UNI/Atmel Studio/7.0/Packs/atmel/ATmega_DFP/1.6.364/gcc/dev/atmega328p/avr5/crtatmega328p.o
 .debug_str     0x00000208      0x1e7 UART.o
                                0x220 (size before relaxing)
 .debug_str     0x000003ef     0x2be9 Sketch.o
                               0x2f23 (size before relaxing)
 .debug_str     0x00002fd8      0x1de C:\Users\Asus\Desktop\Lab Project\SD Player\SD Player\ArduinoCore\Debug\libArduinoCore.a(HardwareSerial0.o)
                               0x13fb (size before relaxing)
 .debug_str     0x000031b6       0x5a C:\Users\Asus\Desktop\Lab Project\SD Player\SD Player\ArduinoCore\Debug\libArduinoCore.a(main.o)
                                0x2a7 (size before relaxing)
 .debug_str     0x00003210      0x3a3 C:\Users\Asus\Desktop\Lab Project\SD Player\SD Player\ArduinoCore\Debug\libArduinoCore.a(Print.o)
                               0x1235 (size before relaxing)
 .debug_str     0x000035b3      0x159 C:\Users\Asus\Desktop\Lab Project\SD Player\SD Player\ArduinoCore\Debug\libArduinoCore.a(wiring.o)
                                0x23d (size before relaxing)
 .debug_str     0x0000370c       0xc6 C:\Users\Asus\Desktop\Lab Project\SD Player\SD Player\ArduinoCore\Debug\libArduinoCore.a(wiring_digital.o)
                                0x2a2 (size before relaxing)
 .debug_str     0x000037d2      0x3fc C:\Users\Asus\Desktop\Lab Project\SD Player\SD Player\ArduinoCore\Debug\libArduinoCore.a(WString.o)
                               0x1188 (size before relaxing)
 .debug_str     0x00003bce      0x33f C:\Users\Asus\Desktop\Lab Project\SD Player\SD Player\ArduinoCore\Debug\libArduinoCore.a(File.o)
                               0x1db1 (size before relaxing)
 .debug_str     0x00003f0d      0x44f C:\Users\Asus\Desktop\Lab Project\SD Player\SD Player\ArduinoCore\Debug\libArduinoCore.a(SD.o)
                               0x2de5 (size before relaxing)
 .debug_str     0x0000435c      0x451 C:\Users\Asus\Desktop\Lab Project\SD Player\SD Player\ArduinoCore\Debug\libArduinoCore.a(Sd2Card.o)
                               0x12e0 (size before relaxing)
 .debug_str     0x000047ad      0x8a4 C:\Users\Asus\Desktop\Lab Project\SD Player\SD Player\ArduinoCore\Debug\libArduinoCore.a(SdFile.o)
                               0x273e (size before relaxing)
 .debug_str     0x00005051       0xfb C:\Users\Asus\Desktop\Lab Project\SD Player\SD Player\ArduinoCore\Debug\libArduinoCore.a(SdVolume.o)
                               0x1ae5 (size before relaxing)
 .debug_str     0x0000514c       0xa4 C:\Users\Asus\Desktop\Lab Project\SD Player\SD Player\ArduinoCore\Debug\libArduinoCore.a(SPI.o)
                                0x6a0 (size before relaxing)
 .debug_str     0x000051f0      0x29e C:\Users\Asus\Desktop\Lab Project\SD Player\SD Player\ArduinoCore\Debug\libArduinoCore.a(HardwareSerial.o)
                               0x1608 (size before relaxing)

.debug_loc      0x00000000     0xfbaa
 *(.debug_loc)
 .debug_loc     0x00000000       0xa7 UART.o
 .debug_loc     0x000000a7      0x681 Sketch.o
 .debug_loc     0x00000728      0x1b0 C:\Users\Asus\Desktop\Lab Project\SD Player\SD Player\ArduinoCore\Debug\libArduinoCore.a(HardwareSerial0.o)
 .debug_loc     0x000008d8     0x1c87 C:\Users\Asus\Desktop\Lab Project\SD Player\SD Player\ArduinoCore\Debug\libArduinoCore.a(Print.o)
 .debug_loc     0x0000255f      0x28d C:\Users\Asus\Desktop\Lab Project\SD Player\SD Player\ArduinoCore\Debug\libArduinoCore.a(wiring.o)
 .debug_loc     0x000027ec      0x5fc C:\Users\Asus\Desktop\Lab Project\SD Player\SD Player\ArduinoCore\Debug\libArduinoCore.a(wiring_digital.o)
 .debug_loc     0x00002de8     0x422d C:\Users\Asus\Desktop\Lab Project\SD Player\SD Player\ArduinoCore\Debug\libArduinoCore.a(WString.o)
 .debug_loc     0x00007015      0x8ed C:\Users\Asus\Desktop\Lab Project\SD Player\SD Player\ArduinoCore\Debug\libArduinoCore.a(File.o)
 .debug_loc     0x00007902     0x17f1 C:\Users\Asus\Desktop\Lab Project\SD Player\SD Player\ArduinoCore\Debug\libArduinoCore.a(SD.o)
 .debug_loc     0x000090f3     0x2097 C:\Users\Asus\Desktop\Lab Project\SD Player\SD Player\ArduinoCore\Debug\libArduinoCore.a(Sd2Card.o)
 .debug_loc     0x0000b18a     0x332c C:\Users\Asus\Desktop\Lab Project\SD Player\SD Player\ArduinoCore\Debug\libArduinoCore.a(SdFile.o)
 .debug_loc     0x0000e4b6     0x1001 C:\Users\Asus\Desktop\Lab Project\SD Player\SD Player\ArduinoCore\Debug\libArduinoCore.a(SdVolume.o)
 .debug_loc     0x0000f4b7      0x1e4 C:\Users\Asus\Desktop\Lab Project\SD Player\SD Player\ArduinoCore\Debug\libArduinoCore.a(SPI.o)
 .debug_loc     0x0000f69b      0x50f C:\Users\Asus\Desktop\Lab Project\SD Player\SD Player\ArduinoCore\Debug\libArduinoCore.a(HardwareSerial.o)

.debug_macinfo
 *(.debug_macinfo)

.debug_weaknames
 *(.debug_weaknames)

.debug_funcnames
 *(.debug_funcnames)

.debug_typenames
 *(.debug_typenames)

.debug_varnames
 *(.debug_varnames)

.debug_pubtypes
 *(.debug_pubtypes)

.debug_ranges   0x00000000      0xb88
 *(.debug_ranges)
 .debug_ranges  0x00000000       0x20 UART.o
 .debug_ranges  0x00000020       0x58 Sketch.o
 .debug_ranges  0x00000078       0x38 C:\Users\Asus\Desktop\Lab Project\SD Player\SD Player\ArduinoCore\Debug\libArduinoCore.a(HardwareSerial0.o)
 .debug_ranges  0x000000b0       0x20 C:\Users\Asus\Desktop\Lab Project\SD Player\SD Player\ArduinoCore\Debug\libArduinoCore.a(main.o)
 .debug_ranges  0x000000d0      0x120 C:\Users\Asus\Desktop\Lab Project\SD Player\SD Player\ArduinoCore\Debug\libArduinoCore.a(Print.o)
 .debug_ranges  0x000001f0       0x38 C:\Users\Asus\Desktop\Lab Project\SD Player\SD Player\ArduinoCore\Debug\libArduinoCore.a(wiring.o)
 .debug_ranges  0x00000228       0x28 C:\Users\Asus\Desktop\Lab Project\SD Player\SD Player\ArduinoCore\Debug\libArduinoCore.a(wiring_digital.o)
 .debug_ranges  0x00000250      0x2f8 C:\Users\Asus\Desktop\Lab Project\SD Player\SD Player\ArduinoCore\Debug\libArduinoCore.a(WString.o)
 .debug_ranges  0x00000548       0xa0 C:\Users\Asus\Desktop\Lab Project\SD Player\SD Player\ArduinoCore\Debug\libArduinoCore.a(File.o)
 .debug_ranges  0x000005e8       0xc0 C:\Users\Asus\Desktop\Lab Project\SD Player\SD Player\ArduinoCore\Debug\libArduinoCore.a(SD.o)
 .debug_ranges  0x000006a8       0xe8 C:\Users\Asus\Desktop\Lab Project\SD Player\SD Player\ArduinoCore\Debug\libArduinoCore.a(Sd2Card.o)
 .debug_ranges  0x00000790      0x310 C:\Users\Asus\Desktop\Lab Project\SD Player\SD Player\ArduinoCore\Debug\libArduinoCore.a(SdFile.o)
 .debug_ranges  0x00000aa0       0x68 C:\Users\Asus\Desktop\Lab Project\SD Player\SD Player\ArduinoCore\Debug\libArduinoCore.a(SdVolume.o)
 .debug_ranges  0x00000b08       0x28 C:\Users\Asus\Desktop\Lab Project\SD Player\SD Player\ArduinoCore\Debug\libArduinoCore.a(SPI.o)
 .debug_ranges  0x00000b30       0x58 C:\Users\Asus\Desktop\Lab Project\SD Player\SD Player\ArduinoCore\Debug\libArduinoCore.a(HardwareSerial.o)

.debug_macro
 *(.debug_macro)
OUTPUT(Voice_Recorder.elf elf32-avr)
LOAD linker stubs
